Number of Nodes: 3
Nodes: [a, b, c]
Number of Edges: 3
Edges: [c->a, a->b, b->c]